// Jest Snapshot v1, https://goo.gl/fbAQLP

exports[`it matches the snapshot 1`] = `
<div
  className="loginForm"
>
  <h1
    className="heading"
  >
    Login Here
  </h1>
  <label
    className="labelField"
    htmlFor="email"
  >
    Email Address : 
  </label>
  <input
    className="inputField"
    id="email"
    name="email"
    onChange={[Function]}
    type="email"
    value=""
  />
  <label
    className="labelField"
    htmlFor="email"
  >
    Password : 
  </label>
  <input
    className="inputField"
    id="password"
    name="password"
    onChange={[Function]}
    type="password"
    value=""
  />
  <button
    className="login"
    click={[Function]}
    onClick={[Function]}
    type="Login"
  >
    Login
  </button>
  <button
    className="signup"
    type="New SignUp"
  >
    +
  </button>
</div>
`;
